// Jest Snapshot v1, https://goo.gl/fbAQLP

exports[`Enfunc matches snapshot 1`] = `
"<!DOCTYPE html>
<html lang="en">
<head>
  <meta charset="UTF-8">

  <meta name="viewport" content="width=device-width, initial-scale=1.0">
  <meta name="description" content="Enfunc is a global tech consultancy specializing in tailored digital solutions, advisory, startup guidance, and funding, enabling businesses to thrive in the digital era.">

  <meta property="og:title" content="Enfunc | Unleashing potential, accelerating progress">
  <meta property="og:description" content="Enfunc is a global tech consultancy specializing in tailored digital solutions, advisory, startup guidance, and funding, enabling businesses to thrive in the digital era.">
  <meta property="og:image" content="https://www.enfunc.com/media/enfunc.png">
  <meta property="og:url" content="https://www.enfunc.com">
  <meta property="og:type" content="website">

  <title>Enfunc | Unleashing potential, accelerating progress</title>

  <link rel="manifest" href="data:application/manifest+json;base64,eyJuYW1lIjoiRW5mdW5jIiwic2hvcnRfbmFtZSI6IkVuZnVuYyIsImRlc2NyaXB0aW9uIjoiRW5mdW5jIGlzIGEgZ2xvYmFsIHRlY2ggY29uc3VsdGFuY3kgc3BlY2lhbGl6aW5nIGluIHRhaWxvcmVkIGRpZ2l0YWwgc29sdXRpb25zLCBhZHZpc29yeSwgc3RhcnR1cCBndWlkYW5jZSwgYW5kIGZ1bmRpbmcsIGVuYWJsaW5nIGJ1c2luZXNzZXMgdG8gdGhyaXZlIGluIHRoZSBkaWdpdGFsIGVyYS4iLCJ0aGVtZV9jb2xvciI6IiNCMkVGQzEiLCJiYWNrZ3JvdW5kX2NvbG9yIjoiI0ZGRkZGRiIsImRpc3BsYXkiOiJzdGFuZGFsb25lIiwib3JpZW50YXRpb24iOiJwb3J0cmFpdCIsInNjb3BlIjoiLyIsInN0YXJ0X3VybCI6Ii8iLCJpY29ucyI6W3sic3JjIjoibWVkaWEvYW5kcm9pZC1jaHJvbWUtMTkyeDE5Mi5wbmciLCJzaXplcyI6IjE5MngxOTIiLCJ0eXBlIjoiaW1hZ2UvcG5nIn0seyJzcmMiOiJtZWRpYS9hbmRyb2lkLWNocm9tZS01MTJ4NTEyLnBuZyIsInNpemVzIjoiNTEyeDUxMiIsInR5cGUiOiJpbWFnZS9wbmcifV19">
  <link rel="icon" href="media/favicon.ico" sizes="any">
  <link rel="apple-touch-icon" href="media/apple-touch-icon.png">

  <link rel="preconnect" href="https://fonts.googleapis.com">
  <link rel="preconnect" href="https://fonts.gstatic.com" crossorigin>
  <link rel="stylesheet" href="https://fonts.googleapis.com/css2?family=Bayon&family=Oswald&family=Playfair+Display&display=swap">
  <link rel="stylesheet" href="https://cdn.jsdelivr.net/npm/modern-normalize@2.0.0/modern-normalize.min.css">
  <style>*{box-sizing:border-box}body{background:url('/media/bg.webp');background-size:cover;color:#000;width:100vw;height:100vh;overflow-x:hidden}main{display:flex;align-items:center;height:100vh;width:100vw}section{background:#b2efc1;margin:3em;padding:3em;width:75%;opacity:.9;box-shadow:0 1px 2px 0 rgb(60 64 67 / 30%),0 4px 8px 4px rgb(60 64 67 / 15%)}a,h1,h2{margin:0;padding:0;text-decoration:none}a{font-family:Oswald,sans-serif;color:#000}h1{font-family:Bayon,cursive;font-size:10em}h2{font-family:Oswald,sans-serif;font-size:4em;margin-top:-.5em}p{font-family:'Playfair Display',serif;font-size:1.67em}.logos{margin-top:3em;display:flex;justify-content:space-evenly;gap:1em;flex-flow:row wrap}img{max-height:2.5em}a:hover,img:hover{opacity:.75}@media screen and (max-width:800px){h1{font-size:8em}h2{font-size:3em}section{width:95%;margin:1em;padding:1em}}</style>

  <script type="application/ld+json">
    {
  "@context": "https://schema.org",
  "@type": "Organization",
  "name": "Enfunc",
  "url": "https://www.enfunc.com",
  "logo": "https://www.enfunc.com/media/enfunc.png",
  "description": "Enfunc is a global tech consultancy specializing in tailored digital solutions, advisory, startup guidance, and funding, enabling businesses to thrive in the digital era.",
  "contactPoint": {
    "@type": "ContactPoint",
    "email": "hello@enfunc.com"
  }
}
  </script>
</head>
<body>
<main>
  <section>
    <h1>Enfunc</h1>
    <h2>Unleashing potential, accelerating progress</h2>
    <p>
      Our technology empowers millions across industries and borders daily.
      Say hi at <a href="mailto:hello@enfunc.com">hello@enfunc.com</a>.
    </p>
    <div class="logos">
      <a href="https://www.starsgroup.com/" target="_blank"><img src="media/logo_stars.webp" alt="The Stars Group" title="The Stars Group"></a><a href="https://www.lloydsbankinggroup.com/" target="_blank"><img src="media/logo_lloyds.webp" alt="Lloyds Banking Group" title="Lloyds Banking Group"></a><a href="https://www.nhs.uk/" target="_blank"><img src="media/logo_nhs.webp" alt="NHS" title="NHS"></a><a href="https://www.pfizer.com/" target="_blank"><img src="media/logo_pfizer.webp" alt="Pfizer" title="Pfizer"></a><a href="https://auth0.com/" target="_blank"><img src="media/logo_auth0.webp" alt="Auth0" title="Auth0"></a><a href="https://www.array.com/" target="_blank"><img src="media/logo_array.webp" alt="Array" title="Array"></a><a href="https://www.celtra.com/" target="_blank"><img src="media/logo_celtra.webp" alt="Celtra" title="Celtra"></a>
    </div>
  </section>
</main>
<script>
if (window.location.origin.includes("enfunc.com")) {
  (function(window, document, dataLayerName, id) {
    window[dataLayerName]=window[dataLayerName]||[],window[dataLayerName].push({start:(new Date).getTime(),event:"stg.start"});var scripts=document.getElementsByTagName('script')[0],tags=document.createElement('script');
    function stgCreateCookie(a,b,c){var d="";if(c){var e=new Date;e.setTime(e.getTime()+24*c*60*60*1e3),d="; expires="+e.toUTCString();f="; SameSite=Strict"}document.cookie=a+"="+b+d+f+"; path=/"}
    var isStgDebug=(window.location.href.match("stg_debug")||document.cookie.match("stg_debug"))&&!window.location.href.match("stg_disable_debug");stgCreateCookie("stg_debug",isStgDebug?1:"",isStgDebug?14:-1);
    var qP=[];dataLayerName!=="dataLayer"&&qP.push("data_layer_name="+dataLayerName),isStgDebug&&qP.push("stg_debug");var qPString=qP.length>0?("?"+qP.join("&")):"";
    tags.async=!0,tags.src="https://enfunc.containers.piwik.pro/"+id+".js"+qPString,scripts.parentNode.insertBefore(tags,scripts);
    !function(a,n,i){a[n]=a[n]||{};for(var c=0;c<i.length;c++)!function(i){a[n][i]=a[n][i]||{},a[n][i].api=a[n][i].api||function(){var a=[].slice.call(arguments,0);"string"==typeof a[0]&&window[dataLayerName].push({event:n+"."+i+":"+a[0],parameters:[].slice.call(arguments,1)})}}(i[c])}(window,"ppms",["tm","cm"]);
  })(window, document, 'dataLayer', '4466da6e-a361-42fc-8ea2-e93fc3e9c75b');
}
</script>
</body>
</html>
"
`;
